[owasp.org/www-community/attacks/index.html]
[backblue.gif]
[fade.gif]
[index.html]
[owasp.org/www-community/attacks/Binary_planting.html]
[owasp.org/www-community/attacks/Blind_SQL_Injection.html]
[owasp.org/www-community/attacks/Blind_XPath_Injection.html]
[owasp.org/www-community/attacks/Brute_force_attack.html]
[owasp.org/www-community/attacks/Buffer_Overflow_via_Environment_Variables.html]
[owasp.org/www-community/attacks/Buffer_overflow_attack.html]
[owasp.org/www-community/attacks/CORS_OriginHeaderScrutiny.html]
[owasp.org/www-community/attacks/CORS_RequestPreflightScrutiny.html]
[owasp.org/www-community/attacks/CSV_Injection.html]
[owasp.org/www-community/attacks/Cache_Poisoning.html]
[owasp.org/www-community/attacks/Cash_Overflow.html]
[owasp.org/www-community/attacks/Clickjacking.html]
[owasp.org/www-community/attacks/Code_Injection.html]
[owasp.org/www-community/attacks/Command_Injection.html]
[owasp.org/www-community/attacks/Comment_Injection_Attack.html]
[owasp.org/www-community/attacks/Content_Spoofing.html]
[owasp.org/www-community/attacks/Credential_stuffing.html]
[owasp.org/www-community/attacks/Cross-User_Defacement.html]
[owasp.org/www-community/attacks/Cross_Frame_Scripting.html]
[owasp.org/www-community/attacks/Cross_Site_History_Manipulation_(XSHM).html]
[owasp.org/www-community/attacks/xss/index.html]
[owasp.org/www-community/attacks/Cross_Site_Tracing.html]
[owasp.org/www-community/attacks/Cryptanalysis.html]
[owasp.org/www-community/attacks/Custom_Special_Character_Injection.html]
[owasp.org/www-community/attacks/Denial_of_Service.html]
[owasp.org/www-community/attacks/Direct_Dynamic_Code_Evaluation_Eval Injection.html]
[owasp.org/www-community/attacks/Embedding_Null_Code.html]
[owasp.org/www-community/attacks/Execution_After_Redirect_(EAR).html]
[owasp.org/www-community/attacks/Forced_browsing.html]
[owasp.org/www-community/attacks/Form_action_hijacking.html]
[owasp.org/www-community/attacks/Format_string_attack.html]
[owasp.org/www-community/attacks/Full_Path_Disclosure.html]
[owasp.org/www-community/attacks/Function_Injection.html]
[owasp.org/www-community/attacks/HTTP_Response_Splitting.html]
[owasp.org/www-community/attacks/LDAP_Injection.html]
[owasp.org/www-community/attacks/Log_Injection.html]
[owasp.org/www-community/attacks/Man-in-the-browser_attack.html]
[owasp.org/www-community/attacks/Manipulator-in-the-middle_attack.html]
[owasp.org/www-community/attacks/Mobile_code_invoking_untrusted_mobile_code.html]
[owasp.org/www-community/attacks/Mobile_code_non-final_public_field.html]
[owasp.org/www-community/attacks/Mobile_code_object_hijack.html]
[owasp.org/www-community/attacks/Parameter_Delimiter.html]
[owasp.org/www-community/attacks/Password_Spraying_Attack.html]
[owasp.org/www-community/attacks/Path_Traversal.html]
[owasp.org/www-community/attacks/Qrljacking.html]
[owasp.org/www-community/attacks/Reflected_DOM_Injection.html]
[owasp.org/www-community/attacks/Regular_expression_Denial_of_Service_-_ReDoS.html]
[owasp.org/www-community/attacks/Repudiation_Attack.html]
[owasp.org/www-community/attacks/Resource_Injection.html]
[owasp.org/www-community/attacks/Reverse_Tabnabbing.html]
[owasp.org/www-community/attacks/SQL_Injection.html]
[owasp.org/www-community/attacks/Server-Side_Includes_(SSI)_Injection.html]
[owasp.org/www-community/attacks/Server_Side_Request_Forgery.html]
[owasp.org/www-community/attacks/Session_Prediction.html]
[owasp.org/www-community/attacks/Session_fixation.html]
[owasp.org/www-community/attacks/Session_hijacking_attack.html]
[owasp.org/www-community/attacks/Setting_Manipulation.html]
[owasp.org/www-community/attacks/Special_Element_Injection.html]
[owasp.org/www-community/attacks/Spyware.html]
[owasp.org/www-community/attacks/Traffic_flood.html]
[owasp.org/www-community/attacks/Trojan_Horse.html]
[owasp.org/www-community/attacks/Unicode_Encoding.html]
[owasp.org/www-community/attacks/Web_Parameter_Tampering.html]
[owasp.org/www-community/attacks/Windows_alternate_data_stream.html]
[owasp.org/www-community/attacks/XPATH_Injection.html]
[owasp.org/www-community/attacks/XSRF.html]
[owasp.org/www-community/attacks/XSS_in_Converting_File_Content_to_Text.html]
[owasp.org/www-community/attacks/Xss_in_subtitle.html]
[owasp.org/www-community/attacks/csrf.html]
[owasp.org/www-community/attacks/index.html]
[owasp.org/www-community/attacks/Binary_planting.html]
[owasp.org/www-community/attacks/web_services_amplification.html]
[owasp.org/www-community/attacks/document/4_Web_Application_Security_Testing/4.8_Input_Validation_Testing/4.8.5_Testing_for_SQL_Injection_WSTG-INPVAL-005.md]
[owasp.org/www-community/attacks/Blind_SQL_Injection.html]
[owasp.org/www-community/attacks/Blind_XPath_Injection.html]
[owasp.org/www-community/attacks/Brute_force_attack.html]
[owasp.org/www-community/attacks/Buffer_Overflow_via_Environment_Variables.html]
[owasp.org/www-community/attacks/Buffer_overflow_attack.html]
[owasp.org/www-community/attacks/CORS_OriginHeaderScrutiny.html]
[owasp.org/www-community/attacks/CORS_RequestPreflightScrutiny.html]
[owasp.org/www-community/attacks/CSV_Injection.html]
[owasp.org/www-community/attacks/Cache_Poisoning.html]
[owasp.org/www-community/attacks/Cash_Overflow.html]
[owasp.org/www-community/attacks/Clickjacking.html]
[owasp.org/www-community/attacks/Code_Injection.html]
[owasp.org/www-community/attacks/Command_Injection.html]
[owasp.org/www-community/attacks/Comment_Injection_Attack.html]
[owasp.org/www-community/attacks/Threat_Agents]
[owasp.org/www-community/attacks/Content_Spoofing.html]
[owasp.org/www-community/attacks/Credential_stuffing.html]
[owasp.org/www-community/attacks/Cross-User_Defacement.html]
[owasp.org/www-community/attacks/xss/index.html]
[owasp.org/www-community/attacks/DOM_Based_XSS.html]
[owasp.org/www-community/attacks/Cross_Frame_Scripting.html]
[owasp.org/www-community/attacks/OWASP_Israel_2010_02]
[owasp.org/www-community/attacks/Cross_Site_History_Manipulation_(XSHM).html]
[owasp.org/www-community/attacks/Testing_for_HTTP_Methods_and_XST_/(OWASP-CM-008/)]
[owasp.org/www-community/attacks/Cross_Site_Tracing.html]
[owasp.org/www-community/attacks/Cryptanalysis.html]
[owasp.org/www-community/attacks/Custom_Special_Character_Injection.html]
[owasp.org/www-community/attacks/Buffer_Overflow_attack]
[owasp.org/www-community/attacks/Denial_of_Service.html]
[owasp.org/www-community/attacks/Direct_Dynamic_Code_Evaluation_Eval Injection.html]
[owasp.org/www-community/attacks/Embedding_Null_Code.html]
[owasp.org/www-community/attacks/Execution_After_Redirect_(EAR).html]
[owasp.org/www-community/attacks/Internal_software_developer]
[owasp.org/www-community/attacks/Forced_browsing.html]
[owasp.org/www-community/attacks/Form_action_hijacking.html]
[owasp.org/www-community/attacks/Buffer_Overflow]
[owasp.org/www-community/attacks/Format_string_attack.html]
[owasp.org/www-community/attacks/internal_software_developer]
[owasp.org/www-community/attacks/Error_Handling]
[owasp.org/www-community/attacks/Bounds_Checking]
[owasp.org/www-community/attacks/Safe_Libraries]
[owasp.org/www-community/attacks/Static_Code_Analysis]
[owasp.org/www-community/attacks/Executable_space_protection]
[owasp.org/www-community/attacks/Address_space_layout_randomization_/(ASLR/)]
[owasp.org/www-community/attacks/Stack-smashing_Protection_/(SSP/)]
[owasp.org/www-community/attacks/Full_Path_Disclosure.html]
[owasp.org/www-community/attacks/LDAP_injection]
[owasp.org/www-community/attacks/Cross-site_Scripting_/(XSS/)]
[owasp.org/www-community/attacks/Input_Validation]
[owasp.org/www-community/attacks/Canonicalization]
[owasp.org/www-community/attacks/Function_Injection.html]
[owasp.org/www-community/attacks/Page_Hijacking]
[owasp.org/www-community/attacks/HTTP_Response_Splitting.html]
[owasp.org/www-community/attacks/LDAP_Injection.html]
[owasp.org/www-community/attacks/Log_Injection.html]
[owasp.org/www-community/attacks/Man-in-the-browser_attack.html]
[owasp.org/www-community/attacks/OWASP_WebScarab]
[owasp.org/www-community/attacks/Manipulator-in-the-middle_attack.html]
[owasp.org/www-community/attacks/Man-in-the-middle_attack]
[owasp.org/www-community/attacks/Mobile_code__non-final_public_field]
[owasp.org/www-community/attacks/Mobile_code__object_hijack]
[owasp.org/www-community/attacks/Hashing]
[owasp.org/www-community/attacks/Mobile_code_invoking_untrusted_mobile_code.html]
[owasp.org/www-community/attacks/Mobile_code__invoking_untrusted_mobile_code]
[owasp.org/www-community/attacks/Mobile_code_non-final_public_field.html]
[owasp.org/www-community/attacks/Mobile_code_object_hijack.html]
[owasp.org/www-community/attacks/Parameter_Delimiter.html]
[owasp.org/www-community/attacks/Password_Spraying_Attack.html]
[owasp.org/www-community/attacks/Path_Traversal.html]
[owasp.org/www-community/attacks/Qrljacking.html]
[owasp.org/www-community/attacks/Cross-site_scripting]
[owasp.org/www-community/attacks/Data_Validation]
[owasp.org/www-community/attacks/OWASP_NYC_AppSec_2008_Conference]
[owasp.org/www-community/attacks/OWASP_AppSec_Europe_2008_-_Belgium]
[owasp.org/www-community/attacks/Reflected_DOM_Injection.html]
[owasp.org/www-community/attacks/Regular_expression_Denial_of_Service_-_ReDoS.html]
[owasp.org/www-community/attacks/Repudiation_Attack.html]
[owasp.org/www-community/attacks/Path_Manipulation]
[owasp.org/www-community/attacks/Relative_Path_Traversal]
[owasp.org/www-community/attacks/Resource_Injection.html]
[owasp.org/www-community/attacks/Reverse_Tabnabbing.html]
[owasp.org/www-community/attacks/SQL_Injection.html]
[owasp.org/www-community/attacks/SQL_Injection_Bypassing_WAF.html]
[owasp.org/www-community/attacks/PHP_File_Inclusion.6d.delayed]
[owasp.org/www-community/attacks/Server-Side_Includes_(SSI)_Injection.html]
[owasp.org/www-community/attacks/Server_Side_Request_Forgery.html]
[owasp.org/www-community/attacks/Manipulating_User_Permission_Identifier]
[owasp.org/www-community/attacks/Session_Prediction.html]
[owasp.org/www-community/attacks/XSS]
[owasp.org/www-community/attacks/Session_fixation.html]
[owasp.org/www-community/attacks/Session_hijacking_attack.html]
[owasp.org/www-community/attacks/Setting_Manipulation.html]
[owasp.org/www-community/attacks/Special_Element_Injection.html]
[owasp.org/www-community/attacks/Phishing]
[owasp.org/www-community/attacks/Spyware.html]
[owasp.org/www-community/attacks/Traffic_flood.html]
[owasp.org/www-community/attacks/Trojan_Horse.html]
[owasp.org/www-community/attacks/Unicode_Encoding.html]
[owasp.org/www-community/attacks/XSS_Attacks]
[owasp.org/www-community/attacks/Web_Parameter_Tampering.html]
[owasp.org/www-community/attacks/Windows_alternate_data_stream.html]
[owasp.org/www-community/attacks/XPATH_Injection.html]
[owasp.org/www-community/attacks/XSRF.html]
[owasp.org/www-community/attacks/XSS_in_Converting_File_Content_to_Text.html]
[owasp.org/www-community/attacks/Xss_in_subtitle.html]
[owasp.org/www-community/attacks/csrf.html]
[owasp.org/www-community/attacks/web_services_amplification.html]
[owasp.org/www-community/attacks/document/4_Web_Application_Security_Testing/4.8_Input_Validation_Testing/4.8.5_Testing_for_SQL_Injection_WSTG-INPVAL-005.html]
[owasp.org/www-community/attacks/Threat_Agents.html]
[owasp.org/www-community/attacks/OWASP_AppSec_Europe_2007_-_Italy]
[owasp.org/www-community/attacks/Testing_for_DOM-based_Cross_site_scripting_/(OWASP-DV-003/)]
[owasp.org/www-community/attacks/DOM_Based_XSS.html]
[owasp.org/www-community/attacks/OWASP_Israel_2010_02.html]
[owasp.org/www-community/attacks/Testing_for_HTTP_Methods_and_XST_/(OWASP-CM-008/).html]
[owasp.org/www-community/attacks/Buffer_Overflow_attack-2.html]
[owasp.org/www-community/attacks/Internal_software_developer.html]
[owasp.org/www-community/attacks/Buffer_Overflow.html]
[owasp.org/www-community/attacks/internal_software_developer-2.html]
[owasp.org/www-community/attacks/Error_Handling.html]
[owasp.org/www-community/attacks/Bounds_Checking.html]
[owasp.org/www-community/attacks/Safe_Libraries.html]
[owasp.org/www-community/attacks/Static_Code_Analysis.html]
[owasp.org/www-community/attacks/Executable_space_protection.html]
[owasp.org/www-community/attacks/Address_space_layout_randomization_/(ASLR/).html]
[owasp.org/www-community/attacks/Stack-smashing_Protection_/(SSP/).html]
[owasp.org/www-community/attacks/LDAP_injection-2.html]
[owasp.org/www-community/attacks/Cross-site_Scripting_/(XSS/).html]
[owasp.org/www-community/attacks/Input_Validation.html]
[owasp.org/www-community/attacks/Canonicalization.html]
[owasp.org/www-community/attacks/Page_Hijacking.html]
[owasp.org/www-community/attacks/OWASP_WebScarab.html]
[owasp.org/www-community/attacks/Man-in-the-middle_attack.html]
[owasp.org/www-community/attacks/Mobile_code__non-final_public_field.html]
[owasp.org/www-community/attacks/Mobile_code__object_hijack.html]
[owasp.org/www-community/attacks/Hashing.html]
[owasp.org/www-community/attacks/Mobile_code__invoking_untrusted_mobile_code.html]
[owasp.org/www-community/attacks/Cross-site_scripting.html]
[owasp.org/www-community/attacks/Data_Validation.html]
[owasp.org/www-community/attacks/OWASP_NYC_AppSec_2008_Conference.html]
[owasp.org/www-community/attacks/OWASP_AppSec_Europe_2008_-_Belgium.html]
[owasp.org/www-community/attacks/Path_Manipulation.html]
[owasp.org/www-community/attacks/Relative_Path_Traversal.html]
[owasp.org/www-community/attacks/SQL_injection]
[owasp.org/www-community/attacks/SQL_Injection_Bypassing_WAF.html]
[owasp.org/www-community/attacks/PHP_File_Inclusion.html]
[owasp.org/www-community/attacks/Manipulating_User_Permission_Identifier.html]
[owasp.org/www-community/attacks/XSS.html]
[owasp.org/www-community/attacks/Phishing.html]
[owasp.org/www-community/attacks/XSS_Attacks.html]
[owasp.org/www-community/attacks/OWASP_AppSec_Europe_2007_-_Italy.html]
[owasp.org/www-community/attacks/Testing_for_DOM-based_Cross_site_scripting_/(OWASP-DV-003/).html]
[owasp.org/www-community/attacks/SQL_injection-2.html]
